Archive member included to satisfy reference by file (symbol)

c:/program files (x86)/gnu arm embedded toolchain/10 2021.10/bin/../lib/gcc/arm-none-eabi/10.3.1/../../../../arm-none-eabi/lib/thumb/v7e-m+fp/hard\libc_nano.a(lib_a-exit.o)
                              c:/program files (x86)/gnu arm embedded toolchain/10 2021.10/bin/../lib/gcc/arm-none-eabi/10.3.1/../../../../arm-none-eabi/lib/thumb/v7e-m+fp/hard/crt0.o (exit)
c:/program files (x86)/gnu arm embedded toolchain/10 2021.10/bin/../lib/gcc/arm-none-eabi/10.3.1/../../../../arm-none-eabi/lib/thumb/v7e-m+fp/hard\libc_nano.a(lib_a-impure.o)
                              c:/program files (x86)/gnu arm embedded toolchain/10 2021.10/bin/../lib/gcc/arm-none-eabi/10.3.1/../../../../arm-none-eabi/lib/thumb/v7e-m+fp/hard\libc_nano.a(lib_a-exit.o) (_global_impure_ptr)
c:/program files (x86)/gnu arm embedded toolchain/10 2021.10/bin/../lib/gcc/arm-none-eabi/10.3.1/../../../../arm-none-eabi/lib/thumb/v7e-m+fp/hard\libc_nano.a(lib_a-init.o)
                              c:/program files (x86)/gnu arm embedded toolchain/10 2021.10/bin/../lib/gcc/arm-none-eabi/10.3.1/../../../../arm-none-eabi/lib/thumb/v7e-m+fp/hard/crt0.o (__libc_init_array)
c:/program files (x86)/gnu arm embedded toolchain/10 2021.10/bin/../lib/gcc/arm-none-eabi/10.3.1/../../../../arm-none-eabi/lib/thumb/v7e-m+fp/hard\libc_nano.a(lib_a-memset.o)
                              c:/program files (x86)/gnu arm embedded toolchain/10 2021.10/bin/../lib/gcc/arm-none-eabi/10.3.1/../../../../arm-none-eabi/lib/thumb/v7e-m+fp/hard/crt0.o (memset)
c:/program files (x86)/gnu arm embedded toolchain/10 2021.10/bin/../lib/gcc/arm-none-eabi/10.3.1/../../../../arm-none-eabi/lib/thumb/v7e-m+fp/hard\libnosys.a(_exit.o)
                              c:/program files (x86)/gnu arm embedded toolchain/10 2021.10/bin/../lib/gcc/arm-none-eabi/10.3.1/../../../../arm-none-eabi/lib/thumb/v7e-m+fp/hard\libc_nano.a(lib_a-exit.o) (_exit)

Discarded input sections

 .text          0x00000000        0x0 c:/program files (x86)/gnu arm embedded toolchain/10 2021.10/bin/../lib/gcc/arm-none-eabi/10.3.1/thumb/v7e-m+fp/hard/crti.o
 .data          0x00000000        0x0 c:/program files (x86)/gnu arm embedded toolchain/10 2021.10/bin/../lib/gcc/arm-none-eabi/10.3.1/thumb/v7e-m+fp/hard/crti.o
 .bss           0x00000000        0x0 c:/program files (x86)/gnu arm embedded toolchain/10 2021.10/bin/../lib/gcc/arm-none-eabi/10.3.1/thumb/v7e-m+fp/hard/crti.o
 .data          0x00000000        0x4 c:/program files (x86)/gnu arm embedded toolchain/10 2021.10/bin/../lib/gcc/arm-none-eabi/10.3.1/thumb/v7e-m+fp/hard/crtbegin.o
 .rodata        0x00000000       0x24 c:/program files (x86)/gnu arm embedded toolchain/10 2021.10/bin/../lib/gcc/arm-none-eabi/10.3.1/thumb/v7e-m+fp/hard/crtbegin.o
 .text          0x00000000       0x7c c:/program files (x86)/gnu arm embedded toolchain/10 2021.10/bin/../lib/gcc/arm-none-eabi/10.3.1/../../../../arm-none-eabi/lib/thumb/v7e-m+fp/hard/crt0.o
 .data          0x00000000        0x0 c:/program files (x86)/gnu arm embedded toolchain/10 2021.10/bin/../lib/gcc/arm-none-eabi/10.3.1/../../../../arm-none-eabi/lib/thumb/v7e-m+fp/hard/crt0.o
 .bss           0x00000000        0x0 c:/program files (x86)/gnu arm embedded toolchain/10 2021.10/bin/../lib/gcc/arm-none-eabi/10.3.1/../../../../arm-none-eabi/lib/thumb/v7e-m+fp/hard/crt0.o
 .ARM.extab     0x00000000        0x0 c:/program files (x86)/gnu arm embedded toolchain/10 2021.10/bin/../lib/gcc/arm-none-eabi/10.3.1/../../../../arm-none-eabi/lib/thumb/v7e-m+fp/hard/crt0.o
 .ARM.exidx     0x00000000       0x10 c:/program files (x86)/gnu arm embedded toolchain/10 2021.10/bin/../lib/gcc/arm-none-eabi/10.3.1/../../../../arm-none-eabi/lib/thumb/v7e-m+fp/hard/crt0.o
 .ARM.attributes
                0x00000000       0x1c c:/program files (x86)/gnu arm embedded toolchain/10 2021.10/bin/../lib/gcc/arm-none-eabi/10.3.1/../../../../arm-none-eabi/lib/thumb/v7e-m+fp/hard/crt0.o
 .text          0x00000000        0x0 c:/program files (x86)/gnu arm embedded toolchain/10 2021.10/bin/../lib/gcc/arm-none-eabi/10.3.1/../../../../arm-none-eabi/lib/thumb/v7e-m+fp/hard\libc_nano.a(lib_a-exit.o)
 .data          0x00000000        0x0 c:/program files (x86)/gnu arm embedded toolchain/10 2021.10/bin/../lib/gcc/arm-none-eabi/10.3.1/../../../../arm-none-eabi/lib/thumb/v7e-m+fp/hard\libc_nano.a(lib_a-exit.o)
 .bss           0x00000000        0x0 c:/program files (x86)/gnu arm embedded toolchain/10 2021.10/bin/../lib/gcc/arm-none-eabi/10.3.1/../../../../arm-none-eabi/lib/thumb/v7e-m+fp/hard\libc_nano.a(lib_a-exit.o)
 .text.exit     0x00000000       0x28 c:/program files (x86)/gnu arm embedded toolchain/10 2021.10/bin/../lib/gcc/arm-none-eabi/10.3.1/../../../../arm-none-eabi/lib/thumb/v7e-m+fp/hard\libc_nano.a(lib_a-exit.o)
 .debug_frame   0x00000000       0x28 c:/program files (x86)/gnu arm embedded toolchain/10 2021.10/bin/../lib/gcc/arm-none-eabi/10.3.1/../../../../arm-none-eabi/lib/thumb/v7e-m+fp/hard\libc_nano.a(lib_a-exit.o)
 .ARM.attributes
                0x00000000       0x34 c:/program files (x86)/gnu arm embedded toolchain/10 2021.10/bin/../lib/gcc/arm-none-eabi/10.3.1/../../../../arm-none-eabi/lib/thumb/v7e-m+fp/hard\libc_nano.a(lib_a-exit.o)
 .text          0x00000000        0x0 c:/program files (x86)/gnu arm embedded toolchain/10 2021.10/bin/../lib/gcc/arm-none-eabi/10.3.1/../../../../arm-none-eabi/lib/thumb/v7e-m+fp/hard\libc_nano.a(lib_a-impure.o)
 .data          0x00000000        0x0 c:/program files (x86)/gnu arm embedded toolchain/10 2021.10/bin/../lib/gcc/arm-none-eabi/10.3.1/../../../../arm-none-eabi/lib/thumb/v7e-m+fp/hard\libc_nano.a(lib_a-impure.o)
 .bss           0x00000000        0x0 c:/program files (x86)/gnu arm embedded toolchain/10 2021.10/bin/../lib/gcc/arm-none-eabi/10.3.1/../../../../arm-none-eabi/lib/thumb/v7e-m+fp/hard\libc_nano.a(lib_a-impure.o)
 .data._impure_ptr
                0x00000000        0x4 c:/program files (x86)/gnu arm embedded toolchain/10 2021.10/bin/../lib/gcc/arm-none-eabi/10.3.1/../../../../arm-none-eabi/lib/thumb/v7e-m+fp/hard\libc_nano.a(lib_a-impure.o)
 .data.impure_data
                0x00000000       0x60 c:/program files (x86)/gnu arm embedded toolchain/10 2021.10/bin/../lib/gcc/arm-none-eabi/10.3.1/../../../../arm-none-eabi/lib/thumb/v7e-m+fp/hard\libc_nano.a(lib_a-impure.o)
 .rodata._global_impure_ptr
                0x00000000        0x4 c:/program files (x86)/gnu arm embedded toolchain/10 2021.10/bin/../lib/gcc/arm-none-eabi/10.3.1/../../../../arm-none-eabi/lib/thumb/v7e-m+fp/hard\libc_nano.a(lib_a-impure.o)
 .ARM.attributes
                0x00000000       0x34 c:/program files (x86)/gnu arm embedded toolchain/10 2021.10/bin/../lib/gcc/arm-none-eabi/10.3.1/../../../../arm-none-eabi/lib/thumb/v7e-m+fp/hard\libc_nano.a(lib_a-impure.o)
 .text          0x00000000        0x0 c:/program files (x86)/gnu arm embedded toolchain/10 2021.10/bin/../lib/gcc/arm-none-eabi/10.3.1/../../../../arm-none-eabi/lib/thumb/v7e-m+fp/hard\libc_nano.a(lib_a-init.o)
 .data          0x00000000        0x0 c:/program files (x86)/gnu arm embedded toolchain/10 2021.10/bin/../lib/gcc/arm-none-eabi/10.3.1/../../../../arm-none-eabi/lib/thumb/v7e-m+fp/hard\libc_nano.a(lib_a-init.o)
 .bss           0x00000000        0x0 c:/program files (x86)/gnu arm embedded toolchain/10 2021.10/bin/../lib/gcc/arm-none-eabi/10.3.1/../../../../arm-none-eabi/lib/thumb/v7e-m+fp/hard\libc_nano.a(lib_a-init.o)
 .text          0x00000000        0x0 c:/program files (x86)/gnu arm embedded toolchain/10 2021.10/bin/../lib/gcc/arm-none-eabi/10.3.1/../../../../arm-none-eabi/lib/thumb/v7e-m+fp/hard\libc_nano.a(lib_a-memset.o)
 .data          0x00000000        0x0 c:/program files (x86)/gnu arm embedded toolchain/10 2021.10/bin/../lib/gcc/arm-none-eabi/10.3.1/../../../../arm-none-eabi/lib/thumb/v7e-m+fp/hard\libc_nano.a(lib_a-memset.o)
 .bss           0x00000000        0x0 c:/program files (x86)/gnu arm embedded toolchain/10 2021.10/bin/../lib/gcc/arm-none-eabi/10.3.1/../../../../arm-none-eabi/lib/thumb/v7e-m+fp/hard\libc_nano.a(lib_a-memset.o)
 .text.memset   0x00000000       0x10 c:/program files (x86)/gnu arm embedded toolchain/10 2021.10/bin/../lib/gcc/arm-none-eabi/10.3.1/../../../../arm-none-eabi/lib/thumb/v7e-m+fp/hard\libc_nano.a(lib_a-memset.o)
 .debug_frame   0x00000000       0x20 c:/program files (x86)/gnu arm embedded toolchain/10 2021.10/bin/../lib/gcc/arm-none-eabi/10.3.1/../../../../arm-none-eabi/lib/thumb/v7e-m+fp/hard\libc_nano.a(lib_a-memset.o)
 .ARM.attributes
                0x00000000       0x34 c:/program files (x86)/gnu arm embedded toolchain/10 2021.10/bin/../lib/gcc/arm-none-eabi/10.3.1/../../../../arm-none-eabi/lib/thumb/v7e-m+fp/hard\libc_nano.a(lib_a-memset.o)
 .text          0x00000000        0x0 c:/program files (x86)/gnu arm embedded toolchain/10 2021.10/bin/../lib/gcc/arm-none-eabi/10.3.1/../../../../arm-none-eabi/lib/thumb/v7e-m+fp/hard\libnosys.a(_exit.o)
 .data          0x00000000        0x0 c:/program files (x86)/gnu arm embedded toolchain/10 2021.10/bin/../lib/gcc/arm-none-eabi/10.3.1/../../../../arm-none-eabi/lib/thumb/v7e-m+fp/hard\libnosys.a(_exit.o)
 .bss           0x00000000        0x0 c:/program files (x86)/gnu arm embedded toolchain/10 2021.10/bin/../lib/gcc/arm-none-eabi/10.3.1/../../../../arm-none-eabi/lib/thumb/v7e-m+fp/hard\libnosys.a(_exit.o)
 .text._exit    0x00000000        0x4 c:/program files (x86)/gnu arm embedded toolchain/10 2021.10/bin/../lib/gcc/arm-none-eabi/10.3.1/../../../../arm-none-eabi/lib/thumb/v7e-m+fp/hard\libnosys.a(_exit.o)
 .debug_frame   0x00000000       0x20 c:/program files (x86)/gnu arm embedded toolchain/10 2021.10/bin/../lib/gcc/arm-none-eabi/10.3.1/../../../../arm-none-eabi/lib/thumb/v7e-m+fp/hard\libnosys.a(_exit.o)
 .ARM.attributes
                0x00000000       0x34 c:/program files (x86)/gnu arm embedded toolchain/10 2021.10/bin/../lib/gcc/arm-none-eabi/10.3.1/../../../../arm-none-eabi/lib/thumb/v7e-m+fp/hard\libnosys.a(_exit.o)
 .group         0x00000000        0xc CMakeFiles/STM32G474_template_lab.elf.dir/src/main.c.obj
 .group         0x00000000        0xc CMakeFiles/STM32G474_template_lab.elf.dir/src/main.c.obj
 .group         0x00000000        0xc CMakeFiles/STM32G474_template_lab.elf.dir/src/main.c.obj
 .group         0x00000000        0xc CMakeFiles/STM32G474_template_lab.elf.dir/src/main.c.obj
 .group         0x00000000        0xc CMakeFiles/STM32G474_template_lab.elf.dir/src/main.c.obj
 .group         0x00000000        0xc CMakeFiles/STM32G474_template_lab.elf.dir/src/main.c.obj
 .group         0x00000000        0xc CMakeFiles/STM32G474_template_lab.elf.dir/src/main.c.obj
 .group         0x00000000        0xc CMakeFiles/STM32G474_template_lab.elf.dir/src/main.c.obj
 .group         0x00000000        0xc CMakeFiles/STM32G474_template_lab.elf.dir/src/main.c.obj
 .group         0x00000000        0xc CMakeFiles/STM32G474_template_lab.elf.dir/src/main.c.obj
 .group         0x00000000        0xc CMakeFiles/STM32G474_template_lab.elf.dir/src/main.c.obj
 .group         0x00000000        0xc CMakeFiles/STM32G474_template_lab.elf.dir/src/main.c.obj
 .group         0x00000000        0xc CMakeFiles/STM32G474_template_lab.elf.dir/src/main.c.obj
 .group         0x00000000        0xc CMakeFiles/STM32G474_template_lab.elf.dir/src/main.c.obj
 .group         0x00000000        0xc CMakeFiles/STM32G474_template_lab.elf.dir/src/main.c.obj
 .group         0x00000000        0xc CMakeFiles/STM32G474_template_lab.elf.dir/src/main.c.obj
 .text          0x00000000        0x0 CMakeFiles/STM32G474_template_lab.elf.dir/src/main.c.obj
 .data          0x00000000        0x0 CMakeFiles/STM32G474_template_lab.elf.dir/src/main.c.obj
 .bss           0x00000000        0x0 CMakeFiles/STM32G474_template_lab.elf.dir/src/main.c.obj
 .group         0x00000000        0xc CMakeFiles/STM32G474_template_lab.elf.dir/src/rcc.c.obj
 .group         0x00000000        0xc CMakeFiles/STM32G474_template_lab.elf.dir/src/rcc.c.obj
 .group         0x00000000        0xc CMakeFiles/STM32G474_template_lab.elf.dir/src/rcc.c.obj
 .group         0x00000000        0xc CMakeFiles/STM32G474_template_lab.elf.dir/src/rcc.c.obj
 .group         0x00000000        0xc CMakeFiles/STM32G474_template_lab.elf.dir/src/rcc.c.obj
 .group         0x00000000        0xc CMakeFiles/STM32G474_template_lab.elf.dir/src/rcc.c.obj
 .group         0x00000000        0xc CMakeFiles/STM32G474_template_lab.elf.dir/src/rcc.c.obj
 .group         0x00000000        0xc CMakeFiles/STM32G474_template_lab.elf.dir/src/rcc.c.obj
 .group         0x00000000        0xc CMakeFiles/STM32G474_template_lab.elf.dir/src/rcc.c.obj
 .group         0x00000000        0xc CMakeFiles/STM32G474_template_lab.elf.dir/src/rcc.c.obj
 .group         0x00000000        0xc CMakeFiles/STM32G474_template_lab.elf.dir/src/rcc.c.obj
 .group         0x00000000        0xc CMakeFiles/STM32G474_template_lab.elf.dir/src/rcc.c.obj
 .group         0x00000000        0xc CMakeFiles/STM32G474_template_lab.elf.dir/src/rcc.c.obj
 .group         0x00000000        0xc CMakeFiles/STM32G474_template_lab.elf.dir/src/rcc.c.obj
 .group         0x00000000        0xc CMakeFiles/STM32G474_template_lab.elf.dir/src/rcc.c.obj
 .group         0x00000000        0xc CMakeFiles/STM32G474_template_lab.elf.dir/src/rcc.c.obj
 .text          0x00000000        0x0 CMakeFiles/STM32G474_template_lab.elf.dir/src/rcc.c.obj
 .data          0x00000000        0x0 CMakeFiles/STM32G474_template_lab.elf.dir/src/rcc.c.obj
 .bss           0x00000000        0x0 CMakeFiles/STM32G474_template_lab.elf.dir/src/rcc.c.obj
 .debug_macro   0x00000000      0xa66 CMakeFiles/STM32G474_template_lab.elf.dir/src/rcc.c.obj
 .debug_macro   0x00000000       0x2e CMakeFiles/STM32G474_template_lab.elf.dir/src/rcc.c.obj
 .debug_macro   0x00000000       0x28 CMakeFiles/STM32G474_template_lab.elf.dir/src/rcc.c.obj
 .debug_macro   0x00000000       0x22 CMakeFiles/STM32G474_template_lab.elf.dir/src/rcc.c.obj
 .debug_macro   0x00000000       0x56 CMakeFiles/STM32G474_template_lab.elf.dir/src/rcc.c.obj
 .debug_macro   0x00000000       0x51 CMakeFiles/STM32G474_template_lab.elf.dir/src/rcc.c.obj
 .debug_macro   0x00000000      0x103 CMakeFiles/STM32G474_template_lab.elf.dir/src/rcc.c.obj
 .debug_macro   0x00000000       0x6a CMakeFiles/STM32G474_template_lab.elf.dir/src/rcc.c.obj
 .debug_macro   0x00000000      0x1df CMakeFiles/STM32G474_template_lab.elf.dir/src/rcc.c.obj
 .debug_macro   0x00000000       0x1c CMakeFiles/STM32G474_template_lab.elf.dir/src/rcc.c.obj
 .debug_macro   0x00000000       0x22 CMakeFiles/STM32G474_template_lab.elf.dir/src/rcc.c.obj
 .debug_macro   0x00000000       0xfb CMakeFiles/STM32G474_template_lab.elf.dir/src/rcc.c.obj
 .debug_macro   0x00000000     0x1011 CMakeFiles/STM32G474_template_lab.elf.dir/src/rcc.c.obj
 .debug_macro   0x00000000      0x11f CMakeFiles/STM32G474_template_lab.elf.dir/src/rcc.c.obj
 .debug_macro   0x00000000    0x18596 CMakeFiles/STM32G474_template_lab.elf.dir/src/rcc.c.obj
 .debug_macro   0x00000000       0x43 CMakeFiles/STM32G474_template_lab.elf.dir/src/rcc.c.obj
 .text          0x00000000       0x14 CMakeFiles/STM32G474_template_lab.elf.dir/device/startup_stm32g474xx.s.obj
 .data          0x00000000        0x0 CMakeFiles/STM32G474_template_lab.elf.dir/device/startup_stm32g474xx.s.obj
 .bss           0x00000000        0x0 CMakeFiles/STM32G474_template_lab.elf.dir/device/startup_stm32g474xx.s.obj
 .group         0x00000000        0xc CMakeFiles/STM32G474_template_lab.elf.dir/device/system_stm32g4xx.c.obj
 .group         0x00000000        0xc CMakeFiles/STM32G474_template_lab.elf.dir/device/system_stm32g4xx.c.obj
 .group         0x00000000        0xc CMakeFiles/STM32G474_template_lab.elf.dir/device/system_stm32g4xx.c.obj
 .group         0x00000000        0xc CMakeFiles/STM32G474_template_lab.elf.dir/device/system_stm32g4xx.c.obj
 .group         0x00000000        0xc CMakeFiles/STM32G474_template_lab.elf.dir/device/system_stm32g4xx.c.obj
 .group         0x00000000        0xc CMakeFiles/STM32G474_template_lab.elf.dir/device/system_stm32g4xx.c.obj
 .group         0x00000000        0xc CMakeFiles/STM32G474_template_lab.elf.dir/device/system_stm32g4xx.c.obj
 .group         0x00000000        0xc CMakeFiles/STM32G474_template_lab.elf.dir/device/system_stm32g4xx.c.obj
 .group         0x00000000        0xc CMakeFiles/STM32G474_template_lab.elf.dir/device/system_stm32g4xx.c.obj
 .group         0x00000000        0xc CMakeFiles/STM32G474_template_lab.elf.dir/device/system_stm32g4xx.c.obj
 .group         0x00000000        0xc CMakeFiles/STM32G474_template_lab.elf.dir/device/system_stm32g4xx.c.obj
 .group         0x00000000        0xc CMakeFiles/STM32G474_template_lab.elf.dir/device/system_stm32g4xx.c.obj
 .group         0x00000000        0xc CMakeFiles/STM32G474_template_lab.elf.dir/device/system_stm32g4xx.c.obj
 .group         0x00000000        0xc CMakeFiles/STM32G474_template_lab.elf.dir/device/system_stm32g4xx.c.obj
 .group         0x00000000        0xc CMakeFiles/STM32G474_template_lab.elf.dir/device/system_stm32g4xx.c.obj
 .group         0x00000000        0xc CMakeFiles/STM32G474_template_lab.elf.dir/device/system_stm32g4xx.c.obj
 .text          0x00000000        0x0 CMakeFiles/STM32G474_template_lab.elf.dir/device/system_stm32g4xx.c.obj
 .data          0x00000000        0x0 CMakeFiles/STM32G474_template_lab.elf.dir/device/system_stm32g4xx.c.obj
 .bss           0x00000000        0x0 CMakeFiles/STM32G474_template_lab.elf.dir/device/system_stm32g4xx.c.obj
 .data.SystemCoreClock
                0x00000000        0x4 CMakeFiles/STM32G474_template_lab.elf.dir/device/system_stm32g4xx.c.obj
 .rodata.AHBPrescTable
                0x00000000       0x10 CMakeFiles/STM32G474_template_lab.elf.dir/device/system_stm32g4xx.c.obj
 .rodata.APBPrescTable
                0x00000000        0x8 CMakeFiles/STM32G474_template_lab.elf.dir/device/system_stm32g4xx.c.obj
 .text.SystemCoreClockUpdate
                0x00000000       0xd4 CMakeFiles/STM32G474_template_lab.elf.dir/device/system_stm32g4xx.c.obj
 .debug_macro   0x00000000      0xa66 CMakeFiles/STM32G474_template_lab.elf.dir/device/system_stm32g4xx.c.obj
 .debug_macro   0x00000000       0x2e CMakeFiles/STM32G474_template_lab.elf.dir/device/system_stm32g4xx.c.obj
 .debug_macro   0x00000000       0x28 CMakeFiles/STM32G474_template_lab.elf.dir/device/system_stm32g4xx.c.obj
 .debug_macro   0x00000000       0x22 CMakeFiles/STM32G474_template_lab.elf.dir/device/system_stm32g4xx.c.obj
 .debug_macro   0x00000000       0x56 CMakeFiles/STM32G474_template_lab.elf.dir/device/system_stm32g4xx.c.obj
 .debug_macro   0x00000000       0x51 CMakeFiles/STM32G474_template_lab.elf.dir/device/system_stm32g4xx.c.obj
 .debug_macro   0x00000000      0x103 CMakeFiles/STM32G474_template_lab.elf.dir/device/system_stm32g4xx.c.obj
 .debug_macro   0x00000000       0x6a CMakeFiles/STM32G474_template_lab.elf.dir/device/system_stm32g4xx.c.obj
 .debug_macro   0x00000000      0x1df CMakeFiles/STM32G474_template_lab.elf.dir/device/system_stm32g4xx.c.obj
 .debug_macro   0x00000000       0x1c CMakeFiles/STM32G474_template_lab.elf.dir/device/system_stm32g4xx.c.obj
 .debug_macro   0x00000000       0x22 CMakeFiles/STM32G474_template_lab.elf.dir/device/system_stm32g4xx.c.obj
 .debug_macro   0x00000000       0xfb CMakeFiles/STM32G474_template_lab.elf.dir/device/system_stm32g4xx.c.obj
 .debug_macro   0x00000000     0x1011 CMakeFiles/STM32G474_template_lab.elf.dir/device/system_stm32g4xx.c.obj
 .debug_macro   0x00000000      0x11f CMakeFiles/STM32G474_template_lab.elf.dir/device/system_stm32g4xx.c.obj
 .debug_macro   0x00000000    0x18596 CMakeFiles/STM32G474_template_lab.elf.dir/device/system_stm32g4xx.c.obj
 .debug_macro   0x00000000       0x43 CMakeFiles/STM32G474_template_lab.elf.dir/device/system_stm32g4xx.c.obj
 .text          0x00000000        0x0 c:/program files (x86)/gnu arm embedded toolchain/10 2021.10/bin/../lib/gcc/arm-none-eabi/10.3.1/thumb/v7e-m+fp/hard/crtend.o
 .data          0x00000000        0x0 c:/program files (x86)/gnu arm embedded toolchain/10 2021.10/bin/../lib/gcc/arm-none-eabi/10.3.1/thumb/v7e-m+fp/hard/crtend.o
 .bss           0x00000000        0x0 c:/program files (x86)/gnu arm embedded toolchain/10 2021.10/bin/../lib/gcc/arm-none-eabi/10.3.1/thumb/v7e-m+fp/hard/crtend.o
 .rodata        0x00000000       0x24 c:/program files (x86)/gnu arm embedded toolchain/10 2021.10/bin/../lib/gcc/arm-none-eabi/10.3.1/thumb/v7e-m+fp/hard/crtend.o
 .eh_frame      0x00000000        0x4 c:/program files (x86)/gnu arm embedded toolchain/10 2021.10/bin/../lib/gcc/arm-none-eabi/10.3.1/thumb/v7e-m+fp/hard/crtend.o
 .ARM.attributes
                0x00000000       0x34 c:/program files (x86)/gnu arm embedded toolchain/10 2021.10/bin/../lib/gcc/arm-none-eabi/10.3.1/thumb/v7e-m+fp/hard/crtend.o
 .text          0x00000000        0x0 c:/program files (x86)/gnu arm embedded toolchain/10 2021.10/bin/../lib/gcc/arm-none-eabi/10.3.1/thumb/v7e-m+fp/hard/crtn.o
 .data          0x00000000        0x0 c:/program files (x86)/gnu arm embedded toolchain/10 2021.10/bin/../lib/gcc/arm-none-eabi/10.3.1/thumb/v7e-m+fp/hard/crtn.o
 .bss           0x00000000        0x0 c:/program files (x86)/gnu arm embedded toolchain/10 2021.10/bin/../lib/gcc/arm-none-eabi/10.3.1/thumb/v7e-m+fp/hard/crtn.o

Memory Configuration

Name             Origin             Length             Attributes
CCMSRAM          0x10000000         0x00008000         xrw
RAM              0x20000000         0x00020000         xrw
ROM              0x08000000         0x00080000         xr
*default*        0x00000000         0xffffffff

Linker script and memory map

LOAD c:/program files (x86)/gnu arm embedded toolchain/10 2021.10/bin/../lib/gcc/arm-none-eabi/10.3.1/thumb/v7e-m+fp/hard/crti.o
LOAD c:/program files (x86)/gnu arm embedded toolchain/10 2021.10/bin/../lib/gcc/arm-none-eabi/10.3.1/thumb/v7e-m+fp/hard/crtbegin.o
LOAD c:/program files (x86)/gnu arm embedded toolchain/10 2021.10/bin/../lib/gcc/arm-none-eabi/10.3.1/../../../../arm-none-eabi/lib/thumb/v7e-m+fp/hard/crt0.o
LOAD c:/program files (x86)/gnu arm embedded toolchain/10 2021.10/bin/../lib/gcc/arm-none-eabi/10.3.1/../../../../arm-none-eabi/lib/thumb/v7e-m+fp/hard\libc_nano.a
LOAD c:/program files (x86)/gnu arm embedded toolchain/10 2021.10/bin/../lib/gcc/arm-none-eabi/10.3.1/../../../../arm-none-eabi/lib/thumb/v7e-m+fp/hard\libm.a
LOAD c:/program files (x86)/gnu arm embedded toolchain/10 2021.10/bin/../lib/gcc/arm-none-eabi/10.3.1/../../../../arm-none-eabi/lib/thumb/v7e-m+fp/hard\libnosys.a
LOAD CMakeFiles/STM32G474_template_lab.elf.dir/src/main.c.obj
LOAD CMakeFiles/STM32G474_template_lab.elf.dir/src/rcc.c.obj
LOAD CMakeFiles/STM32G474_template_lab.elf.dir/device/startup_stm32g474xx.s.obj
LOAD CMakeFiles/STM32G474_template_lab.elf.dir/device/system_stm32g4xx.c.obj
START GROUP
LOAD c:/program files (x86)/gnu arm embedded toolchain/10 2021.10/bin/../lib/gcc/arm-none-eabi/10.3.1/thumb/v7e-m+fp/hard\libgcc.a
LOAD c:/program files (x86)/gnu arm embedded toolchain/10 2021.10/bin/../lib/gcc/arm-none-eabi/10.3.1/../../../../arm-none-eabi/lib/thumb/v7e-m+fp/hard\libc_nano.a
END GROUP
START GROUP
LOAD c:/program files (x86)/gnu arm embedded toolchain/10 2021.10/bin/../lib/gcc/arm-none-eabi/10.3.1/thumb/v7e-m+fp/hard\libgcc.a
LOAD c:/program files (x86)/gnu arm embedded toolchain/10 2021.10/bin/../lib/gcc/arm-none-eabi/10.3.1/../../../../arm-none-eabi/lib/thumb/v7e-m+fp/hard\libc_nano.a
END GROUP
LOAD c:/program files (x86)/gnu arm embedded toolchain/10 2021.10/bin/../lib/gcc/arm-none-eabi/10.3.1/thumb/v7e-m+fp/hard/crtend.o
LOAD c:/program files (x86)/gnu arm embedded toolchain/10 2021.10/bin/../lib/gcc/arm-none-eabi/10.3.1/thumb/v7e-m+fp/hard/crtn.o
                0x20020000                _estack = (ORIGIN (RAM) + LENGTH (RAM))
                0x00000a00                _Min_Heap_Size = 0xa00
                0x00000e00                _Min_Stack_Size = 0xe00

.isr_vector     0x08000000      0x1d8
                0x08000000                . = ALIGN (0x4)
 *(.isr_vector)
 .isr_vector    0x08000000      0x1d8 CMakeFiles/STM32G474_template_lab.elf.dir/device/startup_stm32g474xx.s.obj
                0x08000000                g_pfnVectors
                0x080001d8                . = ALIGN (0x4)

.text           0x080001d8      0x16c
                0x080001d8                . = ALIGN (0x4)
 *(.text)
 .text          0x080001d8       0x40 c:/program files (x86)/gnu arm embedded toolchain/10 2021.10/bin/../lib/gcc/arm-none-eabi/10.3.1/thumb/v7e-m+fp/hard/crtbegin.o
 *(.text*)
 .text.__libc_init_array
                0x08000218       0x48 c:/program files (x86)/gnu arm embedded toolchain/10 2021.10/bin/../lib/gcc/arm-none-eabi/10.3.1/../../../../arm-none-eabi/lib/thumb/v7e-m+fp/hard\libc_nano.a(lib_a-init.o)
                0x08000218                __libc_init_array
 .text.main     0x08000260        0xa CMakeFiles/STM32G474_template_lab.elf.dir/src/main.c.obj
                0x08000260                main
 *fill*         0x0800026a        0x2 
 .text.RCC_Init
                0x0800026c       0x48 CMakeFiles/STM32G474_template_lab.elf.dir/src/rcc.c.obj
                0x0800026c                RCC_Init
 .text.Reset_Handler
                0x080002b4       0x50 CMakeFiles/STM32G474_template_lab.elf.dir/device/startup_stm32g474xx.s.obj
                0x080002b4                Reset_Handler
 .text.Default_Handler
                0x08000304        0x2 CMakeFiles/STM32G474_template_lab.elf.dir/device/startup_stm32g474xx.s.obj
                0x08000304                RTC_Alarm_IRQHandler
                0x08000304                EXTI2_IRQHandler
                0x08000304                TIM8_TRG_COM_IRQHandler
                0x08000304                TIM8_CC_IRQHandler
                0x08000304                HRTIM1_Master_IRQHandler
                0x08000304                DebugMon_Handler
                0x08000304                SPI4_IRQHandler
                0x08000304                FDCAN3_IT0_IRQHandler
                0x08000304                TIM1_CC_IRQHandler
                0x08000304                HardFault_Handler
                0x08000304                HRTIM1_FLT_IRQHandler
                0x08000304                HRTIM1_TIMF_IRQHandler
                0x08000304                USB_HP_IRQHandler
                0x08000304                CORDIC_IRQHandler
                0x08000304                SysTick_Handler
                0x08000304                HRTIM1_TIMD_IRQHandler
                0x08000304                PendSV_Handler
                0x08000304                DMA2_Channel8_IRQHandler
                0x08000304                NMI_Handler
                0x08000304                EXTI3_IRQHandler
                0x08000304                I2C3_ER_IRQHandler
                0x08000304                EXTI0_IRQHandler
                0x08000304                I2C2_EV_IRQHandler
                0x08000304                FPU_IRQHandler
                0x08000304                FDCAN1_IT1_IRQHandler
                0x08000304                TIM1_UP_TIM16_IRQHandler
                0x08000304                UsageFault_Handler
                0x08000304                ADC1_2_IRQHandler
                0x08000304                HRTIM1_TIME_IRQHandler
                0x08000304                SPI1_IRQHandler
                0x08000304                TIM6_DAC_IRQHandler
                0x08000304                HRTIM1_TIMC_IRQHandler
                0x08000304                TIM8_UP_IRQHandler
                0x08000304                DMA2_Channel2_IRQHandler
                0x08000304                DMA1_Channel4_IRQHandler
                0x08000304                TIM20_TRG_COM_IRQHandler
                0x08000304                USART3_IRQHandler
                0x08000304                DMA1_Channel7_IRQHandler
                0x08000304                UART5_IRQHandler
                0x08000304                ADC3_IRQHandler
                0x08000304                TIM4_IRQHandler
                0x08000304                DMA2_Channel1_IRQHandler
                0x08000304                QUADSPI_IRQHandler
                0x08000304                I2C1_EV_IRQHandler
                0x08000304                DMA1_Channel6_IRQHandler
                0x08000304                UART4_IRQHandler
                0x08000304                DMA2_Channel4_IRQHandler
                0x08000304                TIM3_IRQHandler
                0x08000304                RCC_IRQHandler
                0x08000304                TIM20_UP_IRQHandler
                0x08000304                DMA1_Channel1_IRQHandler
                0x08000304                Default_Handler
                0x08000304                DMA2_Channel7_IRQHandler
                0x08000304                RTC_TAMP_LSECSS_IRQHandler
                0x08000304                FMAC_IRQHandler
                0x08000304                EXTI15_10_IRQHandler
                0x08000304                DMA1_Channel8_IRQHandler
                0x08000304                HRTIM1_TIMA_IRQHandler
                0x08000304                TIM7_DAC_IRQHandler
                0x08000304                FDCAN3_IT1_IRQHandler
                0x08000304                TIM5_IRQHandler
                0x08000304                UCPD1_IRQHandler
                0x08000304                I2C3_EV_IRQHandler
                0x08000304                EXTI9_5_IRQHandler
                0x08000304                RTC_WKUP_IRQHandler
                0x08000304                PVD_PVM_IRQHandler
                0x08000304                SPI2_IRQHandler
                0x08000304                MemManage_Handler
                0x08000304                ADC5_IRQHandler
                0x08000304                SVC_Handler
                0x08000304                DMA2_Channel5_IRQHandler
                0x08000304                CRS_IRQHandler
                0x08000304                DMA1_Channel5_IRQHandler
                0x08000304                USB_LP_IRQHandler
                0x08000304                EXTI4_IRQHandler
                0x08000304                RNG_IRQHandler
                0x08000304                HRTIM1_TIMB_IRQHandler
                0x08000304                TIM1_TRG_COM_TIM17_IRQHandler
                0x08000304                FDCAN2_IT1_IRQHandler
                0x08000304                DMA1_Channel3_IRQHandler
                0x08000304                ADC4_IRQHandler
                0x08000304                WWDG_IRQHandler
                0x08000304                I2C4_EV_IRQHandler
                0x08000304                FDCAN2_IT0_IRQHandler
                0x08000304                LPUART1_IRQHandler
                0x08000304                DMA2_Channel6_IRQHandler
                0x08000304                FDCAN1_IT0_IRQHandler
                0x08000304                TIM2_IRQHandler
                0x08000304                COMP7_IRQHandler
                0x08000304                COMP1_2_3_IRQHandler
                0x08000304                EXTI1_IRQHandler
                0x08000304                USART2_IRQHandler
                0x08000304                COMP4_5_6_IRQHandler
                0x08000304                TIM20_BRK_IRQHandler
                0x08000304                I2C2_ER_IRQHandler
                0x08000304                DMA1_Channel2_IRQHandler
                0x08000304                TIM8_BRK_IRQHandler
                0x08000304                FLASH_IRQHandler
                0x08000304                TIM20_CC_IRQHandler
                0x08000304                BusFault_Handler
                0x08000304                USART1_IRQHandler
                0x08000304                SPI3_IRQHandler
                0x08000304                I2C1_ER_IRQHandler
                0x08000304                FMC_IRQHandler
                0x08000304                LPTIM1_IRQHandler
                0x08000304                DMAMUX_OVR_IRQHandler
                0x08000304                I2C4_ER_IRQHandler
                0x08000304                USBWakeUp_IRQHandler
                0x08000304                SAI1_IRQHandler
                0x08000304                DMA2_Channel3_IRQHandler
                0x08000304                TIM1_BRK_TIM15_IRQHandler
 *fill*         0x08000306        0x2 
 .text.SystemInit
                0x08000308       0x24 CMakeFiles/STM32G474_template_lab.elf.dir/device/system_stm32g4xx.c.obj
                0x08000308                SystemInit
 *(.glue_7)
 .glue_7        0x0800032c        0x0 linker stubs
 *(.glue_7t)
 .glue_7t       0x0800032c        0x0 linker stubs
 *(.eh_frame)
 .eh_frame      0x0800032c        0x0 c:/program files (x86)/gnu arm embedded toolchain/10 2021.10/bin/../lib/gcc/arm-none-eabi/10.3.1/thumb/v7e-m+fp/hard/crtbegin.o
 *(.init)
 .init          0x0800032c        0x4 c:/program files (x86)/gnu arm embedded toolchain/10 2021.10/bin/../lib/gcc/arm-none-eabi/10.3.1/thumb/v7e-m+fp/hard/crti.o
                0x0800032c                _init
 .init          0x08000330        0x8 c:/program files (x86)/gnu arm embedded toolchain/10 2021.10/bin/../lib/gcc/arm-none-eabi/10.3.1/thumb/v7e-m+fp/hard/crtn.o
 *(.fini)
 .fini          0x08000338        0x4 c:/program files (x86)/gnu arm embedded toolchain/10 2021.10/bin/../lib/gcc/arm-none-eabi/10.3.1/thumb/v7e-m+fp/hard/crti.o
                0x08000338                _fini
 .fini          0x0800033c        0x8 c:/program files (x86)/gnu arm embedded toolchain/10 2021.10/bin/../lib/gcc/arm-none-eabi/10.3.1/thumb/v7e-m+fp/hard/crtn.o
                0x08000344                . = ALIGN (0x4)
                0x08000344                _etext = .

.vfp11_veneer   0x08000344        0x0
 .vfp11_veneer  0x08000344        0x0 linker stubs

.v4_bx          0x08000344        0x0
 .v4_bx         0x08000344        0x0 linker stubs

.iplt           0x08000344        0x0
 .iplt          0x08000344        0x0 c:/program files (x86)/gnu arm embedded toolchain/10 2021.10/bin/../lib/gcc/arm-none-eabi/10.3.1/thumb/v7e-m+fp/hard/crtbegin.o

.rel.dyn        0x08000344        0x0
 .rel.iplt      0x08000344        0x0 c:/program files (x86)/gnu arm embedded toolchain/10 2021.10/bin/../lib/gcc/arm-none-eabi/10.3.1/thumb/v7e-m+fp/hard/crtbegin.o

.rodata         0x08000344        0x0
                0x08000344                . = ALIGN (0x4)
 *(.rodata)
 *(.rodata*)
                0x08000344                . = ALIGN (0x4)

.ARM.extab      0x08000344        0x0
                0x08000344                . = ALIGN (0x4)
 *(.ARM.extab* .gnu.linkonce.armextab.*)
                0x08000344                . = ALIGN (0x4)

.ARM            0x08000344        0x0
                0x08000344                . = ALIGN (0x4)
                0x08000344                __exidx_start = .
 *(.ARM.exidx*)
                0x08000344                __exidx_end = .
                0x08000344                . = ALIGN (0x4)

.preinit_array  0x08000344        0x0
                0x08000344                . = ALIGN (0x4)
                0x08000344                PROVIDE (__preinit_array_start = .)
 *(.preinit_array*)
                0x08000344                PROVIDE (__preinit_array_end = .)
                0x08000344                . = ALIGN (0x4)

.init_array     0x08000344        0x4
                0x08000344                . = ALIGN (0x4)
                0x08000344                PROVIDE (__init_array_start = .)
 *(SORT_BY_NAME(.init_array.*))
 *(.init_array*)
 .init_array    0x08000344        0x4 c:/program files (x86)/gnu arm embedded toolchain/10 2021.10/bin/../lib/gcc/arm-none-eabi/10.3.1/thumb/v7e-m+fp/hard/crtbegin.o
                0x08000348                PROVIDE (__init_array_end = .)
                0x08000348                . = ALIGN (0x4)

.fini_array     0x08000348        0x4
                0x08000348                . = ALIGN (0x4)
                [!provide]                PROVIDE (__fini_array_start = .)
 *(SORT_BY_NAME(.fini_array.*))
 *(.fini_array*)
 .fini_array    0x08000348        0x4 c:/program files (x86)/gnu arm embedded toolchain/10 2021.10/bin/../lib/gcc/arm-none-eabi/10.3.1/thumb/v7e-m+fp/hard/crtbegin.o
                [!provide]                PROVIDE (__fini_array_end = .)
                0x0800034c                . = ALIGN (0x4)
                0x0800034c                _sidata = LOADADDR (.data)

.data           0x20000000        0x0 load address 0x0800034c
                0x20000000                . = ALIGN (0x4)
                0x20000000                _sdata = .
 *(.data)
 *(.data*)
                0x20000000                . = ALIGN (0x4)
                0x20000000                _edata = .

.igot.plt       0x20000000        0x0 load address 0x0800034c
 .igot.plt      0x20000000        0x0 c:/program files (x86)/gnu arm embedded toolchain/10 2021.10/bin/../lib/gcc/arm-none-eabi/10.3.1/thumb/v7e-m+fp/hard/crtbegin.o
                0x20000000                . = ALIGN (0x4)

.bss            0x20000000       0x1c load address 0x0800034c
                0x20000000                _sbss = .
                0x20000000                __bss_start__ = _sbss
 *(.bss)
 .bss           0x20000000       0x1c c:/program files (x86)/gnu arm embedded toolchain/10 2021.10/bin/../lib/gcc/arm-none-eabi/10.3.1/thumb/v7e-m+fp/hard/crtbegin.o
 *(.bss*)
 *(COMMON)
                0x2000001c                . = ALIGN (0x4)
                0x2000001c                _ebss = .
                0x2000001c                __bss_end__ = _ebss

._user_heap_stack
                0x2000001c     0x1804 load address 0x0800034c
                0x20000020                . = ALIGN (0x8)
 *fill*         0x2000001c        0x4 
                [!provide]                PROVIDE (end = .)
                [!provide]                PROVIDE (_end = .)
                0x20000a20                . = (. + _Min_Heap_Size)
 *fill*         0x20000020      0xa00 
                0x20001820                . = (. + _Min_Stack_Size)
 *fill*         0x20000a20      0xe00 
                0x20001820                . = ALIGN (0x8)

/DISCARD/
 libc.a(*)
 libm.a(*)
 libgcc.a(*)

.ARM.attributes
                0x00000000       0x30
 *(.ARM.attributes)
 .ARM.attributes
                0x00000000       0x1e c:/program files (x86)/gnu arm embedded toolchain/10 2021.10/bin/../lib/gcc/arm-none-eabi/10.3.1/thumb/v7e-m+fp/hard/crti.o
 .ARM.attributes
                0x0000001e       0x34 c:/program files (x86)/gnu arm embedded toolchain/10 2021.10/bin/../lib/gcc/arm-none-eabi/10.3.1/thumb/v7e-m+fp/hard/crtbegin.o
 .ARM.attributes
                0x00000052       0x34 c:/program files (x86)/gnu arm embedded toolchain/10 2021.10/bin/../lib/gcc/arm-none-eabi/10.3.1/../../../../arm-none-eabi/lib/thumb/v7e-m+fp/hard\libc_nano.a(lib_a-init.o)
 .ARM.attributes
                0x00000086       0x34 CMakeFiles/STM32G474_template_lab.elf.dir/src/main.c.obj
 .ARM.attributes
                0x000000ba       0x34 CMakeFiles/STM32G474_template_lab.elf.dir/src/rcc.c.obj
 .ARM.attributes
                0x000000ee       0x21 CMakeFiles/STM32G474_template_lab.elf.dir/device/startup_stm32g474xx.s.obj
 .ARM.attributes
                0x0000010f       0x34 CMakeFiles/STM32G474_template_lab.elf.dir/device/system_stm32g4xx.c.obj
 .ARM.attributes
                0x00000143       0x1e c:/program files (x86)/gnu arm embedded toolchain/10 2021.10/bin/../lib/gcc/arm-none-eabi/10.3.1/thumb/v7e-m+fp/hard/crtn.o
OUTPUT(STM32G474_template_lab.elf elf32-littlearm)
LOAD linker stubs
LOAD c:/program files (x86)/gnu arm embedded toolchain/10 2021.10/bin/../lib/gcc/arm-none-eabi/10.3.1/../../../../arm-none-eabi/lib/thumb/v7e-m+fp/hard\libc.a
LOAD c:/program files (x86)/gnu arm embedded toolchain/10 2021.10/bin/../lib/gcc/arm-none-eabi/10.3.1/../../../../arm-none-eabi/lib/thumb/v7e-m+fp/hard\libm.a
LOAD c:/program files (x86)/gnu arm embedded toolchain/10 2021.10/bin/../lib/gcc/arm-none-eabi/10.3.1/thumb/v7e-m+fp/hard\libgcc.a

.debug_frame    0x00000000       0xe0
 .debug_frame   0x00000000       0x2c c:/program files (x86)/gnu arm embedded toolchain/10 2021.10/bin/../lib/gcc/arm-none-eabi/10.3.1/../../../../arm-none-eabi/lib/thumb/v7e-m+fp/hard\libc_nano.a(lib_a-init.o)
 .debug_frame   0x0000002c       0x2c CMakeFiles/STM32G474_template_lab.elf.dir/src/main.c.obj
 .debug_frame   0x00000058       0x30 CMakeFiles/STM32G474_template_lab.elf.dir/src/rcc.c.obj
 .debug_frame   0x00000088       0x58 CMakeFiles/STM32G474_template_lab.elf.dir/device/system_stm32g4xx.c.obj

.debug_info     0x00000000      0x926
 .debug_info    0x00000000       0x86 CMakeFiles/STM32G474_template_lab.elf.dir/src/main.c.obj
 .debug_info    0x00000086      0x2e6 CMakeFiles/STM32G474_template_lab.elf.dir/src/rcc.c.obj
 .debug_info    0x0000036c       0x22 CMakeFiles/STM32G474_template_lab.elf.dir/device/startup_stm32g474xx.s.obj
 .debug_info    0x0000038e      0x598 CMakeFiles/STM32G474_template_lab.elf.dir/device/system_stm32g4xx.c.obj

.debug_abbrev   0x00000000      0x20e
 .debug_abbrev  0x00000000       0x49 CMakeFiles/STM32G474_template_lab.elf.dir/src/main.c.obj
 .debug_abbrev  0x00000049       0x9d CMakeFiles/STM32G474_template_lab.elf.dir/src/rcc.c.obj
 .debug_abbrev  0x000000e6       0x12 CMakeFiles/STM32G474_template_lab.elf.dir/device/startup_stm32g474xx.s.obj
 .debug_abbrev  0x000000f8      0x116 CMakeFiles/STM32G474_template_lab.elf.dir/device/system_stm32g4xx.c.obj

.debug_aranges  0x00000000       0x90
 .debug_aranges
                0x00000000       0x20 CMakeFiles/STM32G474_template_lab.elf.dir/src/main.c.obj
 .debug_aranges
                0x00000020       0x20 CMakeFiles/STM32G474_template_lab.elf.dir/src/rcc.c.obj
 .debug_aranges
                0x00000040       0x28 CMakeFiles/STM32G474_template_lab.elf.dir/device/startup_stm32g474xx.s.obj
 .debug_aranges
                0x00000068       0x28 CMakeFiles/STM32G474_template_lab.elf.dir/device/system_stm32g4xx.c.obj

.debug_ranges   0x00000000       0x58
 .debug_ranges  0x00000000       0x10 CMakeFiles/STM32G474_template_lab.elf.dir/src/main.c.obj
 .debug_ranges  0x00000010       0x10 CMakeFiles/STM32G474_template_lab.elf.dir/src/rcc.c.obj
 .debug_ranges  0x00000020       0x20 CMakeFiles/STM32G474_template_lab.elf.dir/device/startup_stm32g474xx.s.obj
 .debug_ranges  0x00000040       0x18 CMakeFiles/STM32G474_template_lab.elf.dir/device/system_stm32g4xx.c.obj

.debug_macro    0x00000000    0x1a9a4
 .debug_macro   0x00000000       0xe1 CMakeFiles/STM32G474_template_lab.elf.dir/src/main.c.obj
 .debug_macro   0x000000e1      0xa66 CMakeFiles/STM32G474_template_lab.elf.dir/src/main.c.obj
 .debug_macro   0x00000b47       0x2e CMakeFiles/STM32G474_template_lab.elf.dir/src/main.c.obj
 .debug_macro   0x00000b75       0x28 CMakeFiles/STM32G474_template_lab.elf.dir/src/main.c.obj
 .debug_macro   0x00000b9d       0x22 CMakeFiles/STM32G474_template_lab.elf.dir/src/main.c.obj
 .debug_macro   0x00000bbf       0x56 CMakeFiles/STM32G474_template_lab.elf.dir/src/main.c.obj
 .debug_macro   0x00000c15       0x51 CMakeFiles/STM32G474_template_lab.elf.dir/src/main.c.obj
 .debug_macro   0x00000c66      0x103 CMakeFiles/STM32G474_template_lab.elf.dir/src/main.c.obj
 .debug_macro   0x00000d69       0x6a CMakeFiles/STM32G474_template_lab.elf.dir/src/main.c.obj
 .debug_macro   0x00000dd3      0x1df CMakeFiles/STM32G474_template_lab.elf.dir/src/main.c.obj
 .debug_macro   0x00000fb2       0x1c CMakeFiles/STM32G474_template_lab.elf.dir/src/main.c.obj
 .debug_macro   0x00000fce       0x22 CMakeFiles/STM32G474_template_lab.elf.dir/src/main.c.obj
 .debug_macro   0x00000ff0       0xfb CMakeFiles/STM32G474_template_lab.elf.dir/src/main.c.obj
 .debug_macro   0x000010eb     0x1011 CMakeFiles/STM32G474_template_lab.elf.dir/src/main.c.obj
 .debug_macro   0x000020fc      0x11f CMakeFiles/STM32G474_template_lab.elf.dir/src/main.c.obj
 .debug_macro   0x0000221b    0x18596 CMakeFiles/STM32G474_template_lab.elf.dir/src/main.c.obj
 .debug_macro   0x0001a7b1       0x43 CMakeFiles/STM32G474_template_lab.elf.dir/src/main.c.obj
 .debug_macro   0x0001a7f4       0xd7 CMakeFiles/STM32G474_template_lab.elf.dir/src/rcc.c.obj
 .debug_macro   0x0001a8cb       0xd9 CMakeFiles/STM32G474_template_lab.elf.dir/device/system_stm32g4xx.c.obj

.debug_line     0x00000000      0xb35
 .debug_line    0x00000000      0x367 CMakeFiles/STM32G474_template_lab.elf.dir/src/main.c.obj
 .debug_line    0x00000367      0x37d CMakeFiles/STM32G474_template_lab.elf.dir/src/rcc.c.obj
 .debug_line    0x000006e4       0xb8 CMakeFiles/STM32G474_template_lab.elf.dir/device/startup_stm32g474xx.s.obj
 .debug_line    0x0000079c      0x399 CMakeFiles/STM32G474_template_lab.elf.dir/device/system_stm32g4xx.c.obj

.debug_str      0x00000000    0x9b920
 .debug_str     0x00000000    0x9b5d4 CMakeFiles/STM32G474_template_lab.elf.dir/src/main.c.obj
                              0x9b759 (size before relaxing)
 .debug_str     0x0009b5d4      0x1a5 CMakeFiles/STM32G474_template_lab.elf.dir/src/rcc.c.obj
                              0x9b8b8 (size before relaxing)
 .debug_str     0x0009b779       0x65 CMakeFiles/STM32G474_template_lab.elf.dir/device/startup_stm32g474xx.s.obj
                                 0xa5 (size before relaxing)
 .debug_str     0x0009b7de      0x142 CMakeFiles/STM32G474_template_lab.elf.dir/device/system_stm32g4xx.c.obj
                              0x9b9ac (size before relaxing)

.comment        0x00000000       0x49
 .comment       0x00000000       0x49 CMakeFiles/STM32G474_template_lab.elf.dir/src/main.c.obj
                                 0x4a (size before relaxing)
 .comment       0x00000049       0x4a CMakeFiles/STM32G474_template_lab.elf.dir/src/rcc.c.obj
 .comment       0x00000049       0x4a CMakeFiles/STM32G474_template_lab.elf.dir/device/system_stm32g4xx.c.obj

Cross Reference Table

Symbol                                            File
ADC1_2_IRQHandler                                 CMakeFiles/STM32G474_template_lab.elf.dir/device/startup_stm32g474xx.s.obj
ADC3_IRQHandler                                   CMakeFiles/STM32G474_template_lab.elf.dir/device/startup_stm32g474xx.s.obj
ADC4_IRQHandler                                   CMakeFiles/STM32G474_template_lab.elf.dir/device/startup_stm32g474xx.s.obj
ADC5_IRQHandler                                   CMakeFiles/STM32G474_template_lab.elf.dir/device/startup_stm32g474xx.s.obj
AHBPrescTable                                     CMakeFiles/STM32G474_template_lab.elf.dir/device/system_stm32g4xx.c.obj
APBPrescTable                                     CMakeFiles/STM32G474_template_lab.elf.dir/device/system_stm32g4xx.c.obj
BusFault_Handler                                  CMakeFiles/STM32G474_template_lab.elf.dir/device/startup_stm32g474xx.s.obj
COMP1_2_3_IRQHandler                              CMakeFiles/STM32G474_template_lab.elf.dir/device/startup_stm32g474xx.s.obj
COMP4_5_6_IRQHandler                              CMakeFiles/STM32G474_template_lab.elf.dir/device/startup_stm32g474xx.s.obj
COMP7_IRQHandler                                  CMakeFiles/STM32G474_template_lab.elf.dir/device/startup_stm32g474xx.s.obj
CORDIC_IRQHandler                                 CMakeFiles/STM32G474_template_lab.elf.dir/device/startup_stm32g474xx.s.obj
CRS_IRQHandler                                    CMakeFiles/STM32G474_template_lab.elf.dir/device/startup_stm32g474xx.s.obj
DMA1_Channel1_IRQHandler                          CMakeFiles/STM32G474_template_lab.elf.dir/device/startup_stm32g474xx.s.obj
DMA1_Channel2_IRQHandler                          CMakeFiles/STM32G474_template_lab.elf.dir/device/startup_stm32g474xx.s.obj
DMA1_Channel3_IRQHandler                          CMakeFiles/STM32G474_template_lab.elf.dir/device/startup_stm32g474xx.s.obj
DMA1_Channel4_IRQHandler                          CMakeFiles/STM32G474_template_lab.elf.dir/device/startup_stm32g474xx.s.obj
DMA1_Channel5_IRQHandler                          CMakeFiles/STM32G474_template_lab.elf.dir/device/startup_stm32g474xx.s.obj
DMA1_Channel6_IRQHandler                          CMakeFiles/STM32G474_template_lab.elf.dir/device/startup_stm32g474xx.s.obj
DMA1_Channel7_IRQHandler                          CMakeFiles/STM32G474_template_lab.elf.dir/device/startup_stm32g474xx.s.obj
DMA1_Channel8_IRQHandler                          CMakeFiles/STM32G474_template_lab.elf.dir/device/startup_stm32g474xx.s.obj
DMA2_Channel1_IRQHandler                          CMakeFiles/STM32G474_template_lab.elf.dir/device/startup_stm32g474xx.s.obj
DMA2_Channel2_IRQHandler                          CMakeFiles/STM32G474_template_lab.elf.dir/device/startup_stm32g474xx.s.obj
DMA2_Channel3_IRQHandler                          CMakeFiles/STM32G474_template_lab.elf.dir/device/startup_stm32g474xx.s.obj
DMA2_Channel4_IRQHandler                          CMakeFiles/STM32G474_template_lab.elf.dir/device/startup_stm32g474xx.s.obj
DMA2_Channel5_IRQHandler                          CMakeFiles/STM32G474_template_lab.elf.dir/device/startup_stm32g474xx.s.obj
DMA2_Channel6_IRQHandler                          CMakeFiles/STM32G474_template_lab.elf.dir/device/startup_stm32g474xx.s.obj
DMA2_Channel7_IRQHandler                          CMakeFiles/STM32G474_template_lab.elf.dir/device/startup_stm32g474xx.s.obj
DMA2_Channel8_IRQHandler                          CMakeFiles/STM32G474_template_lab.elf.dir/device/startup_stm32g474xx.s.obj
DMAMUX_OVR_IRQHandler                             CMakeFiles/STM32G474_template_lab.elf.dir/device/startup_stm32g474xx.s.obj
DebugMon_Handler                                  CMakeFiles/STM32G474_template_lab.elf.dir/device/startup_stm32g474xx.s.obj
Default_Handler                                   CMakeFiles/STM32G474_template_lab.elf.dir/device/startup_stm32g474xx.s.obj
EXTI0_IRQHandler                                  CMakeFiles/STM32G474_template_lab.elf.dir/device/startup_stm32g474xx.s.obj
EXTI15_10_IRQHandler                              CMakeFiles/STM32G474_template_lab.elf.dir/device/startup_stm32g474xx.s.obj
EXTI1_IRQHandler                                  CMakeFiles/STM32G474_template_lab.elf.dir/device/startup_stm32g474xx.s.obj
EXTI2_IRQHandler                                  CMakeFiles/STM32G474_template_lab.elf.dir/device/startup_stm32g474xx.s.obj
EXTI3_IRQHandler                                  CMakeFiles/STM32G474_template_lab.elf.dir/device/startup_stm32g474xx.s.obj
EXTI4_IRQHandler                                  CMakeFiles/STM32G474_template_lab.elf.dir/device/startup_stm32g474xx.s.obj
EXTI9_5_IRQHandler                                CMakeFiles/STM32G474_template_lab.elf.dir/device/startup_stm32g474xx.s.obj
FDCAN1_IT0_IRQHandler                             CMakeFiles/STM32G474_template_lab.elf.dir/device/startup_stm32g474xx.s.obj
FDCAN1_IT1_IRQHandler                             CMakeFiles/STM32G474_template_lab.elf.dir/device/startup_stm32g474xx.s.obj
FDCAN2_IT0_IRQHandler                             CMakeFiles/STM32G474_template_lab.elf.dir/device/startup_stm32g474xx.s.obj
FDCAN2_IT1_IRQHandler                             CMakeFiles/STM32G474_template_lab.elf.dir/device/startup_stm32g474xx.s.obj
FDCAN3_IT0_IRQHandler                             CMakeFiles/STM32G474_template_lab.elf.dir/device/startup_stm32g474xx.s.obj
FDCAN3_IT1_IRQHandler                             CMakeFiles/STM32G474_template_lab.elf.dir/device/startup_stm32g474xx.s.obj
FLASH_IRQHandler                                  CMakeFiles/STM32G474_template_lab.elf.dir/device/startup_stm32g474xx.s.obj
FMAC_IRQHandler                                   CMakeFiles/STM32G474_template_lab.elf.dir/device/startup_stm32g474xx.s.obj
FMC_IRQHandler                                    CMakeFiles/STM32G474_template_lab.elf.dir/device/startup_stm32g474xx.s.obj
FPU_IRQHandler                                    CMakeFiles/STM32G474_template_lab.elf.dir/device/startup_stm32g474xx.s.obj
HRTIM1_FLT_IRQHandler                             CMakeFiles/STM32G474_template_lab.elf.dir/device/startup_stm32g474xx.s.obj
HRTIM1_Master_IRQHandler                          CMakeFiles/STM32G474_template_lab.elf.dir/device/startup_stm32g474xx.s.obj
HRTIM1_TIMA_IRQHandler                            CMakeFiles/STM32G474_template_lab.elf.dir/device/startup_stm32g474xx.s.obj
HRTIM1_TIMB_IRQHandler                            CMakeFiles/STM32G474_template_lab.elf.dir/device/startup_stm32g474xx.s.obj
HRTIM1_TIMC_IRQHandler                            CMakeFiles/STM32G474_template_lab.elf.dir/device/startup_stm32g474xx.s.obj
HRTIM1_TIMD_IRQHandler                            CMakeFiles/STM32G474_template_lab.elf.dir/device/startup_stm32g474xx.s.obj
HRTIM1_TIME_IRQHandler                            CMakeFiles/STM32G474_template_lab.elf.dir/device/startup_stm32g474xx.s.obj
HRTIM1_TIMF_IRQHandler                            CMakeFiles/STM32G474_template_lab.elf.dir/device/startup_stm32g474xx.s.obj
HardFault_Handler                                 CMakeFiles/STM32G474_template_lab.elf.dir/device/startup_stm32g474xx.s.obj
I2C1_ER_IRQHandler                                CMakeFiles/STM32G474_template_lab.elf.dir/device/startup_stm32g474xx.s.obj
I2C1_EV_IRQHandler                                CMakeFiles/STM32G474_template_lab.elf.dir/device/startup_stm32g474xx.s.obj
I2C2_ER_IRQHandler                                CMakeFiles/STM32G474_template_lab.elf.dir/device/startup_stm32g474xx.s.obj
I2C2_EV_IRQHandler                                CMakeFiles/STM32G474_template_lab.elf.dir/device/startup_stm32g474xx.s.obj
I2C3_ER_IRQHandler                                CMakeFiles/STM32G474_template_lab.elf.dir/device/startup_stm32g474xx.s.obj
I2C3_EV_IRQHandler                                CMakeFiles/STM32G474_template_lab.elf.dir/device/startup_stm32g474xx.s.obj
I2C4_ER_IRQHandler                                CMakeFiles/STM32G474_template_lab.elf.dir/device/startup_stm32g474xx.s.obj
I2C4_EV_IRQHandler                                CMakeFiles/STM32G474_template_lab.elf.dir/device/startup_stm32g474xx.s.obj
LPTIM1_IRQHandler                                 CMakeFiles/STM32G474_template_lab.elf.dir/device/startup_stm32g474xx.s.obj
LPUART1_IRQHandler                                CMakeFiles/STM32G474_template_lab.elf.dir/device/startup_stm32g474xx.s.obj
MemManage_Handler                                 CMakeFiles/STM32G474_template_lab.elf.dir/device/startup_stm32g474xx.s.obj
NMI_Handler                                       CMakeFiles/STM32G474_template_lab.elf.dir/device/startup_stm32g474xx.s.obj
PVD_PVM_IRQHandler                                CMakeFiles/STM32G474_template_lab.elf.dir/device/startup_stm32g474xx.s.obj
PendSV_Handler                                    CMakeFiles/STM32G474_template_lab.elf.dir/device/startup_stm32g474xx.s.obj
QUADSPI_IRQHandler                                CMakeFiles/STM32G474_template_lab.elf.dir/device/startup_stm32g474xx.s.obj
RCC_IRQHandler                                    CMakeFiles/STM32G474_template_lab.elf.dir/device/startup_stm32g474xx.s.obj
RCC_Init                                          CMakeFiles/STM32G474_template_lab.elf.dir/src/rcc.c.obj
                                                  CMakeFiles/STM32G474_template_lab.elf.dir/src/main.c.obj
RNG_IRQHandler                                    CMakeFiles/STM32G474_template_lab.elf.dir/device/startup_stm32g474xx.s.obj
RTC_Alarm_IRQHandler                              CMakeFiles/STM32G474_template_lab.elf.dir/device/startup_stm32g474xx.s.obj
RTC_TAMP_LSECSS_IRQHandler                        CMakeFiles/STM32G474_template_lab.elf.dir/device/startup_stm32g474xx.s.obj
RTC_WKUP_IRQHandler                               CMakeFiles/STM32G474_template_lab.elf.dir/device/startup_stm32g474xx.s.obj
Reset_Handler                                     CMakeFiles/STM32G474_template_lab.elf.dir/device/startup_stm32g474xx.s.obj
SAI1_IRQHandler                                   CMakeFiles/STM32G474_template_lab.elf.dir/device/startup_stm32g474xx.s.obj
SPI1_IRQHandler                                   CMakeFiles/STM32G474_template_lab.elf.dir/device/startup_stm32g474xx.s.obj
SPI2_IRQHandler                                   CMakeFiles/STM32G474_template_lab.elf.dir/device/startup_stm32g474xx.s.obj
SPI3_IRQHandler                                   CMakeFiles/STM32G474_template_lab.elf.dir/device/startup_stm32g474xx.s.obj
SPI4_IRQHandler                                   CMakeFiles/STM32G474_template_lab.elf.dir/device/startup_stm32g474xx.s.obj
SVC_Handler                                       CMakeFiles/STM32G474_template_lab.elf.dir/device/startup_stm32g474xx.s.obj
SysTick_Handler                                   CMakeFiles/STM32G474_template_lab.elf.dir/device/startup_stm32g474xx.s.obj
SystemCoreClock                                   CMakeFiles/STM32G474_template_lab.elf.dir/device/system_stm32g4xx.c.obj
SystemCoreClockUpdate                             CMakeFiles/STM32G474_template_lab.elf.dir/device/system_stm32g4xx.c.obj
SystemInit                                        CMakeFiles/STM32G474_template_lab.elf.dir/device/system_stm32g4xx.c.obj
                                                  CMakeFiles/STM32G474_template_lab.elf.dir/device/startup_stm32g474xx.s.obj
TIM1_BRK_TIM15_IRQHandler                         CMakeFiles/STM32G474_template_lab.elf.dir/device/startup_stm32g474xx.s.obj
TIM1_CC_IRQHandler                                CMakeFiles/STM32G474_template_lab.elf.dir/device/startup_stm32g474xx.s.obj
TIM1_TRG_COM_TIM17_IRQHandler                     CMakeFiles/STM32G474_template_lab.elf.dir/device/startup_stm32g474xx.s.obj
TIM1_UP_TIM16_IRQHandler                          CMakeFiles/STM32G474_template_lab.elf.dir/device/startup_stm32g474xx.s.obj
TIM20_BRK_IRQHandler                              CMakeFiles/STM32G474_template_lab.elf.dir/device/startup_stm32g474xx.s.obj
TIM20_CC_IRQHandler                               CMakeFiles/STM32G474_template_lab.elf.dir/device/startup_stm32g474xx.s.obj
TIM20_TRG_COM_IRQHandler                          CMakeFiles/STM32G474_template_lab.elf.dir/device/startup_stm32g474xx.s.obj
TIM20_UP_IRQHandler                               CMakeFiles/STM32G474_template_lab.elf.dir/device/startup_stm32g474xx.s.obj
TIM2_IRQHandler                                   CMakeFiles/STM32G474_template_lab.elf.dir/device/startup_stm32g474xx.s.obj
TIM3_IRQHandler                                   CMakeFiles/STM32G474_template_lab.elf.dir/device/startup_stm32g474xx.s.obj
TIM4_IRQHandler                                   CMakeFiles/STM32G474_template_lab.elf.dir/device/startup_stm32g474xx.s.obj
TIM5_IRQHandler                                   CMakeFiles/STM32G474_template_lab.elf.dir/device/startup_stm32g474xx.s.obj
TIM6_DAC_IRQHandler                               CMakeFiles/STM32G474_template_lab.elf.dir/device/startup_stm32g474xx.s.obj
TIM7_DAC_IRQHandler                               CMakeFiles/STM32G474_template_lab.elf.dir/device/startup_stm32g474xx.s.obj
TIM8_BRK_IRQHandler                               CMakeFiles/STM32G474_template_lab.elf.dir/device/startup_stm32g474xx.s.obj
TIM8_CC_IRQHandler                                CMakeFiles/STM32G474_template_lab.elf.dir/device/startup_stm32g474xx.s.obj
TIM8_TRG_COM_IRQHandler                           CMakeFiles/STM32G474_template_lab.elf.dir/device/startup_stm32g474xx.s.obj
TIM8_UP_IRQHandler                                CMakeFiles/STM32G474_template_lab.elf.dir/device/startup_stm32g474xx.s.obj
UART4_IRQHandler                                  CMakeFiles/STM32G474_template_lab.elf.dir/device/startup_stm32g474xx.s.obj
UART5_IRQHandler                                  CMakeFiles/STM32G474_template_lab.elf.dir/device/startup_stm32g474xx.s.obj
UCPD1_IRQHandler                                  CMakeFiles/STM32G474_template_lab.elf.dir/device/startup_stm32g474xx.s.obj
USART1_IRQHandler                                 CMakeFiles/STM32G474_template_lab.elf.dir/device/startup_stm32g474xx.s.obj
USART2_IRQHandler                                 CMakeFiles/STM32G474_template_lab.elf.dir/device/startup_stm32g474xx.s.obj
USART3_IRQHandler                                 CMakeFiles/STM32G474_template_lab.elf.dir/device/startup_stm32g474xx.s.obj
USBWakeUp_IRQHandler                              CMakeFiles/STM32G474_template_lab.elf.dir/device/startup_stm32g474xx.s.obj
USB_HP_IRQHandler                                 CMakeFiles/STM32G474_template_lab.elf.dir/device/startup_stm32g474xx.s.obj
USB_LP_IRQHandler                                 CMakeFiles/STM32G474_template_lab.elf.dir/device/startup_stm32g474xx.s.obj
UsageFault_Handler                                CMakeFiles/STM32G474_template_lab.elf.dir/device/startup_stm32g474xx.s.obj
WWDG_IRQHandler                                   CMakeFiles/STM32G474_template_lab.elf.dir/device/startup_stm32g474xx.s.obj
__bss_end__                                       c:/program files (x86)/gnu arm embedded toolchain/10 2021.10/bin/../lib/gcc/arm-none-eabi/10.3.1/../../../../arm-none-eabi/lib/thumb/v7e-m+fp/hard/crt0.o
__bss_start__                                     c:/program files (x86)/gnu arm embedded toolchain/10 2021.10/bin/../lib/gcc/arm-none-eabi/10.3.1/../../../../arm-none-eabi/lib/thumb/v7e-m+fp/hard/crt0.o
__call_exitprocs                                  c:/program files (x86)/gnu arm embedded toolchain/10 2021.10/bin/../lib/gcc/arm-none-eabi/10.3.1/../../../../arm-none-eabi/lib/thumb/v7e-m+fp/hard\libc_nano.a(lib_a-exit.o)
__deregister_frame_info                           c:/program files (x86)/gnu arm embedded toolchain/10 2021.10/bin/../lib/gcc/arm-none-eabi/10.3.1/thumb/v7e-m+fp/hard/crtbegin.o
__dso_handle                                      c:/program files (x86)/gnu arm embedded toolchain/10 2021.10/bin/../lib/gcc/arm-none-eabi/10.3.1/thumb/v7e-m+fp/hard/crtbegin.o
__init_array_end                                  c:/program files (x86)/gnu arm embedded toolchain/10 2021.10/bin/../lib/gcc/arm-none-eabi/10.3.1/../../../../arm-none-eabi/lib/thumb/v7e-m+fp/hard\libc_nano.a(lib_a-init.o)
__init_array_start                                c:/program files (x86)/gnu arm embedded toolchain/10 2021.10/bin/../lib/gcc/arm-none-eabi/10.3.1/../../../../arm-none-eabi/lib/thumb/v7e-m+fp/hard\libc_nano.a(lib_a-init.o)
__libc_fini_array                                 c:/program files (x86)/gnu arm embedded toolchain/10 2021.10/bin/../lib/gcc/arm-none-eabi/10.3.1/../../../../arm-none-eabi/lib/thumb/v7e-m+fp/hard/crt0.o
__libc_init_array                                 c:/program files (x86)/gnu arm embedded toolchain/10 2021.10/bin/../lib/gcc/arm-none-eabi/10.3.1/../../../../arm-none-eabi/lib/thumb/v7e-m+fp/hard\libc_nano.a(lib_a-init.o)
                                                  CMakeFiles/STM32G474_template_lab.elf.dir/device/startup_stm32g474xx.s.obj
                                                  c:/program files (x86)/gnu arm embedded toolchain/10 2021.10/bin/../lib/gcc/arm-none-eabi/10.3.1/../../../../arm-none-eabi/lib/thumb/v7e-m+fp/hard/crt0.o
__preinit_array_end                               c:/program files (x86)/gnu arm embedded toolchain/10 2021.10/bin/../lib/gcc/arm-none-eabi/10.3.1/../../../../arm-none-eabi/lib/thumb/v7e-m+fp/hard\libc_nano.a(lib_a-init.o)
__preinit_array_start                             c:/program files (x86)/gnu arm embedded toolchain/10 2021.10/bin/../lib/gcc/arm-none-eabi/10.3.1/../../../../arm-none-eabi/lib/thumb/v7e-m+fp/hard\libc_nano.a(lib_a-init.o)
__register_frame_info                             c:/program files (x86)/gnu arm embedded toolchain/10 2021.10/bin/../lib/gcc/arm-none-eabi/10.3.1/thumb/v7e-m+fp/hard/crtbegin.o
__sf_fake_stderr                                  c:/program files (x86)/gnu arm embedded toolchain/10 2021.10/bin/../lib/gcc/arm-none-eabi/10.3.1/../../../../arm-none-eabi/lib/thumb/v7e-m+fp/hard\libc_nano.a(lib_a-impure.o)
__sf_fake_stdin                                   c:/program files (x86)/gnu arm embedded toolchain/10 2021.10/bin/../lib/gcc/arm-none-eabi/10.3.1/../../../../arm-none-eabi/lib/thumb/v7e-m+fp/hard\libc_nano.a(lib_a-impure.o)
__sf_fake_stdout                                  c:/program files (x86)/gnu arm embedded toolchain/10 2021.10/bin/../lib/gcc/arm-none-eabi/10.3.1/../../../../arm-none-eabi/lib/thumb/v7e-m+fp/hard\libc_nano.a(lib_a-impure.o)
__stack                                           c:/program files (x86)/gnu arm embedded toolchain/10 2021.10/bin/../lib/gcc/arm-none-eabi/10.3.1/../../../../arm-none-eabi/lib/thumb/v7e-m+fp/hard/crt0.o
_ebss                                             CMakeFiles/STM32G474_template_lab.elf.dir/device/startup_stm32g474xx.s.obj
_edata                                            CMakeFiles/STM32G474_template_lab.elf.dir/device/startup_stm32g474xx.s.obj
_estack                                           CMakeFiles/STM32G474_template_lab.elf.dir/device/startup_stm32g474xx.s.obj
_exit                                             c:/program files (x86)/gnu arm embedded toolchain/10 2021.10/bin/../lib/gcc/arm-none-eabi/10.3.1/../../../../arm-none-eabi/lib/thumb/v7e-m+fp/hard\libnosys.a(_exit.o)
                                                  c:/program files (x86)/gnu arm embedded toolchain/10 2021.10/bin/../lib/gcc/arm-none-eabi/10.3.1/../../../../arm-none-eabi/lib/thumb/v7e-m+fp/hard\libc_nano.a(lib_a-exit.o)
_fini                                             c:/program files (x86)/gnu arm embedded toolchain/10 2021.10/bin/../lib/gcc/arm-none-eabi/10.3.1/thumb/v7e-m+fp/hard/crti.o
_global_impure_ptr                                c:/program files (x86)/gnu arm embedded toolchain/10 2021.10/bin/../lib/gcc/arm-none-eabi/10.3.1/../../../../arm-none-eabi/lib/thumb/v7e-m+fp/hard\libc_nano.a(lib_a-impure.o)
                                                  c:/program files (x86)/gnu arm embedded toolchain/10 2021.10/bin/../lib/gcc/arm-none-eabi/10.3.1/../../../../arm-none-eabi/lib/thumb/v7e-m+fp/hard\libc_nano.a(lib_a-exit.o)
_impure_ptr                                       c:/program files (x86)/gnu arm embedded toolchain/10 2021.10/bin/../lib/gcc/arm-none-eabi/10.3.1/../../../../arm-none-eabi/lib/thumb/v7e-m+fp/hard\libc_nano.a(lib_a-impure.o)
_init                                             c:/program files (x86)/gnu arm embedded toolchain/10 2021.10/bin/../lib/gcc/arm-none-eabi/10.3.1/thumb/v7e-m+fp/hard/crti.o
                                                  c:/program files (x86)/gnu arm embedded toolchain/10 2021.10/bin/../lib/gcc/arm-none-eabi/10.3.1/../../../../arm-none-eabi/lib/thumb/v7e-m+fp/hard\libc_nano.a(lib_a-init.o)
_mainCRTStartup                                   c:/program files (x86)/gnu arm embedded toolchain/10 2021.10/bin/../lib/gcc/arm-none-eabi/10.3.1/../../../../arm-none-eabi/lib/thumb/v7e-m+fp/hard/crt0.o
_sbss                                             CMakeFiles/STM32G474_template_lab.elf.dir/device/startup_stm32g474xx.s.obj
_sdata                                            CMakeFiles/STM32G474_template_lab.elf.dir/device/startup_stm32g474xx.s.obj
_sidata                                           CMakeFiles/STM32G474_template_lab.elf.dir/device/startup_stm32g474xx.s.obj
_stack_init                                       c:/program files (x86)/gnu arm embedded toolchain/10 2021.10/bin/../lib/gcc/arm-none-eabi/10.3.1/../../../../arm-none-eabi/lib/thumb/v7e-m+fp/hard/crt0.o
_start                                            c:/program files (x86)/gnu arm embedded toolchain/10 2021.10/bin/../lib/gcc/arm-none-eabi/10.3.1/../../../../arm-none-eabi/lib/thumb/v7e-m+fp/hard/crt0.o
atexit                                            c:/program files (x86)/gnu arm embedded toolchain/10 2021.10/bin/../lib/gcc/arm-none-eabi/10.3.1/../../../../arm-none-eabi/lib/thumb/v7e-m+fp/hard/crt0.o
exit                                              c:/program files (x86)/gnu arm embedded toolchain/10 2021.10/bin/../lib/gcc/arm-none-eabi/10.3.1/../../../../arm-none-eabi/lib/thumb/v7e-m+fp/hard\libc_nano.a(lib_a-exit.o)
                                                  c:/program files (x86)/gnu arm embedded toolchain/10 2021.10/bin/../lib/gcc/arm-none-eabi/10.3.1/../../../../arm-none-eabi/lib/thumb/v7e-m+fp/hard/crt0.o
g_pfnVectors                                      CMakeFiles/STM32G474_template_lab.elf.dir/device/startup_stm32g474xx.s.obj
hardware_init_hook                                c:/program files (x86)/gnu arm embedded toolchain/10 2021.10/bin/../lib/gcc/arm-none-eabi/10.3.1/../../../../arm-none-eabi/lib/thumb/v7e-m+fp/hard/crt0.o
main                                              CMakeFiles/STM32G474_template_lab.elf.dir/src/main.c.obj
                                                  CMakeFiles/STM32G474_template_lab.elf.dir/device/startup_stm32g474xx.s.obj
                                                  c:/program files (x86)/gnu arm embedded toolchain/10 2021.10/bin/../lib/gcc/arm-none-eabi/10.3.1/../../../../arm-none-eabi/lib/thumb/v7e-m+fp/hard/crt0.o
memset                                            c:/program files (x86)/gnu arm embedded toolchain/10 2021.10/bin/../lib/gcc/arm-none-eabi/10.3.1/../../../../arm-none-eabi/lib/thumb/v7e-m+fp/hard\libc_nano.a(lib_a-memset.o)
                                                  c:/program files (x86)/gnu arm embedded toolchain/10 2021.10/bin/../lib/gcc/arm-none-eabi/10.3.1/../../../../arm-none-eabi/lib/thumb/v7e-m+fp/hard/crt0.o
software_init_hook                                c:/program files (x86)/gnu arm embedded toolchain/10 2021.10/bin/../lib/gcc/arm-none-eabi/10.3.1/../../../../arm-none-eabi/lib/thumb/v7e-m+fp/hard/crt0.o
